// Jest Snapshot v1, https://goo.gl/fbAQLP

exports[`Footer component matches snapshot 1`] = `
<DocumentFragment>
  <footer>
    <ul
      class="flex-row"
    >
      <li
        href="/"
      />
      <span
        class="mx-2"
      >
        Github
      </span>
      <li
        href="/"
      />
      <span
        class="mx-2"
      >
        LinkdIn
      </span>
      <li
        class="mx-2"
        href="/"
      />
      <span
        class="mx-2"
      >
        StackOverFlow(make acct I guess)
      </span>
    </ul>
  </footer>
</DocumentFragment>
`;
